// Jest Snapshot v1, https://goo.gl/fbAQLP

exports[`gatsby-plugin-sharp base64 converts image to base64 1`] = `
Object {
  "aspectRatio": 1,
  "height": 20,
  "originalName": undefined,
  "src": "data:image/png;base64,iVBORw0KGgoAAAANSUhEUgAAABQAAAAUCAIAAAAC64paAAAACXBIWXMAAAsTAAALEwEAmpwYAAAAGElEQVQ4y2P4TwFgGNU8qnlU86jmgdUMAOBEq42KgAyMAAAAAElFTkSuQmCC",
  "width": 20,
}
`;

exports[`gatsby-plugin-sharp responsiveSizes accounts for pixel density 1`] = `
Object {
  "aspectRatio": 2.0661764705882355,
  "base64": "data:image/png;base64,iVBORw0KGgoAAAANSUhEUgAAABQAAAAKCAYAAAC0VX7mAAAACXBIWXMAABYlAAAWJQFJUiTwAAAAuUlEQVQoz9WRywqCYBCFff9lq6BFLSIQSoIW1UpIulDZ1VKS7GJiapGWl99cnH7sAdy4cTZzmJnzMcwwyDmYYgAHQYBZGKH2cjEOQ7S8d6r3hKS59/HB+0GqNxFB3fXA0hmReqq0ppAYxjfJd0MzSYp0w1yBPn3Idi+j0+2DF4awbCfTdL0ZEEYTlMoVsFwbjSaHqbj4A+M4xlraQZIVXHQdzuOZCbzbNlRNw3y5gnJQcTydYVpW2vsBqlELaS2F/80AAAAASUVORK5CYII=",
  "density": 144,
  "originalImg": "/static/test-1234-85b96.png",
  "originalName": undefined,
  "presentationHeight": 68,
  "presentationWidth": 141,
  "sizes": "(max-width: 141px) 100vw, 141px",
  "src": "/static/test-1234-85b96.png",
  "srcSet": "/static/test-1234-7c9f5.png 200w,
/static/test-1234-85b96.png 281w",
}
`;

exports[`gatsby-plugin-sharp responsiveSizes can optionally ignore pixel density 1`] = `
Object {
  "aspectRatio": 2.0661764705882355,
  "base64": "data:image/png;base64,iVBORw0KGgoAAAANSUhEUgAAABQAAAAKCAYAAAC0VX7mAAAACXBIWXMAABYlAAAWJQFJUiTwAAAAuUlEQVQoz9WRywqCYBCFff9lq6BFLSIQSoIW1UpIulDZ1VKS7GJiapGWl99cnH7sAdy4cTZzmJnzMcwwyDmYYgAHQYBZGKH2cjEOQ7S8d6r3hKS59/HB+0GqNxFB3fXA0hmReqq0ppAYxjfJd0MzSYp0w1yBPn3Idi+j0+2DF4awbCfTdL0ZEEYTlMoVsFwbjSaHqbj4A+M4xlraQZIVXHQdzuOZCbzbNlRNw3y5gnJQcTydYVpW2vsBqlELaS2F/80AAAAASUVORK5CYII=",
  "density": 144,
  "originalImg": "/static/test-1234-24ad8.png",
  "originalName": undefined,
  "presentationHeight": 136,
  "presentationWidth": 281,
  "sizes": "(max-width: 281px) 100vw, 281px",
  "src": "/static/test-1234-24ad8.png",
  "srcSet": "/static/test-1234-06d78.png 200w,
/static/test-1234-24ad8.png 281w",
}
`;

exports[`gatsby-plugin-sharp responsiveSizes includes responsive image properties, e.g. sizes, srcset, etc. 1`] = `
Object {
  "aspectRatio": 1,
  "base64": "data:image/png;base64,iVBORw0KGgoAAAANSUhEUgAAABQAAAAUCAIAAAAC64paAAAACXBIWXMAAAsTAAALEwEAmpwYAAAAGElEQVQ4y2P4TwFgGNU8qnlU86jmgdUMAOBEq42KgAyMAAAAAElFTkSuQmCC",
  "density": 72,
  "originalImg": "/static/test-1234-18c2a.png",
  "originalName": undefined,
  "presentationHeight": 1,
  "presentationWidth": 1,
  "sizes": "(max-width: 1px) 100vw, 1px",
  "src": "/static/test-1234-18c2a.png",
  "srcSet": "/static/test-1234-18c2a.png 1w",
}
`;
